<html>
<body>
<pre>
<h1>µVision Build Log</h1>
<h2>Tool Versions:</h2>
IDE-Version: ¦ÌVision V5.41.0.0
Copyright (C) 2024 ARM Ltd and ARM Germany GmbH. All rights reserved.
License Information: chen chen, chen, LIC=BL28G-VFIHD-5BPEB-2BQY0-XNR0B-2JAED
 
Tool Versions:
Toolchain:       MDK-ARM Professional  Version: 5.41.0.0
Toolchain Path:  D:\software\Keil_v5\ARM\ARMCLANG\Bin
C Compiler:      ArmClang.exe V6.22
Assembler:       Armasm.exe V6.22
Linker/Locator:  ArmLink.exe V6.22
Library Manager: ArmAr.exe V6.22
Hex Converter:   FromElf.exe V6.22
CPU DLL:         SARMCM3.DLL V5.41.0.0
Dialog DLL:      DCM.DLL V1.17.5.0
Target DLL:      CMSIS_AGDI.dll V1.33.21.0
Dialog DLL:      TCM.DLL V1.56.4.0
 
<h2>Project:</h2>
D:\code\Keil\arm\STM32F103\KT0803L\MDK-ARM\KT0803L.uvprojx
Project File Date:  06/20/2025

<h2>Output:</h2>
*** Using Compiler 'V6.22', folder: 'D:\software\Keil_v5\ARM\ARMCLANG\Bin'
Build target 'KT0803L'
Note: source file '..\Hardware\AD511x.h' - object file renamed from 'KT0803L\AD511x.o' to 'KT0803L\ad511x_1.o'.
Note: source file '..\Hardware\KT0803.h' - object file renamed from 'KT0803L\KT0803.o' to 'KT0803L\kt0803_1.o'.
compiling stm32f1xx_hal_msp.c...
compiling i2c.c...
compiling usart.c...
compiling stm32f1xx_hal_gpio_ex.c...
compiling main.c...
compiling gpio.c...
compiling stm32f1xx_it.c...
compiling stm32f1xx_hal.c...
compiling stm32f1xx_hal_pwr.c...
compiling stm32f1xx_hal_flash.c...
compiling stm32f1xx_hal_rcc_ex.c...
compiling stm32f1xx_hal_cortex.c...
compiling stm32f1xx_hal_gpio.c...
compiling stm32f1xx_hal_dma.c...
compiling stm32f1xx_hal_rcc.c...
compiling stm32f1xx_hal_exti.c...
compiling stm32f1xx_hal_flash_ex.c...
compiling stm32f1xx_hal_tim.c...
compiling stm32f1xx_hal_tim_ex.c...
compiling system_stm32f1xx.c...
compiling AD511x.c...
compiling AD511x.h...
compiling KT0803.h...
compiling KT0803.c...
compiling stm32f1xx_hal_uart.c...
compiling stm32f1xx_hal_i2c.c...
linking...
Program Size: Code=8800 RO-data=312 RW-data=16 ZI-data=1184  
FromELF: creating hex file...
"KT0803L\KT0803L.axf" - 0 Error(s), 0 Warning(s).

<h2>Software Packages used:</h2>

Package Vendor: ARM
                http://www.keil.com/pack/ARM.CMSIS.5.9.0.pack
                ARM::CMSIS@5.9.0
                CMSIS (Common Microcontroller Software Interface Standard)
   * Component: CORE Version: 5.6.0

Package Vendor: Keil
                https://www.keil.com/pack/Keil.STM32F1xx_DFP.2.4.1.pack
                Keil::STM32F1xx_DFP@2.4.1
                STMicroelectronics STM32F1 Series Device Support, Drivers and Examples

<h2>Collection of Component include folders:</h2>
  ./RTE/_KT0803L
  D:/software/Keil_v5/ARM/Packs/ARM/CMSIS/5.9.0/CMSIS/Core/Include
  D:/software/Keil_v5/ARM/Packs/Keil/STM32F1xx_DFP/2.4.1/Device/Include

<h2>Collection of Component Files used:</h2>

   * Component: ARM::CMSIS:CORE@5.6.0
      Include file:  CMSIS/Core/Include/tz_context.h
Build Time Elapsed:  00:00:03
</pre>
</body>
</html>
